Microchip MPLAB XC8 Compiler V3.00

Linker command line:

-W-3 \
  --edf=C:\Program Files\Microchip\xc8\v3.00\pic\dat\20241204225717_en.msgs \
  -cn -h+dist/default/production\WASHING.X.production.sym \
  --cmf=dist/default/production\WASHING.X.production.cmf -z -Q16F877A \
  -oC:\Users\PRABHAT\AppData\Local\Temp\xcAsmoc.\driver_tmp_3.o \
  --defsym=__MPLAB_BUILD=1 --fixupoverflow=error \
  -Mdist/default/production/WASHING.X.production.map \
  --md=C:\Users\PRABHAT\AppData\Local\Temp\xcAsmoc.\driver_tmp_0.dat -E1 \
  -ver=XC8 Compiler -ACODE=00h-07FFhx4 -ASTRCODE=00h-01FFFh \
  -ASTRING=00h-0FFhx32 -ACONST=00h-0FFhx32 -AENTRY=00h-0FFhx32 \
  -ACOMMON=070h-07Fh -ABANK0=020h-06Fh -ABANK1=0A0h-0EFh \
  -ABANK2=0110h-016Fh -ABANK3=0190h-01EFh \
  -ARAM=020h-06Fh,0A0h-0EFh,0110h-016Fh,0190h-01EFh \
  -AABS1=020h-07Fh,0A0h-0EFh,0110h-016Fh,0190h-01EFh -ASFR0=00h-01Fh \
  -ASFR1=080h-09Fh -ASFR2=0100h-010Fh -ASFR3=0180h-018Fh \
  -ACONFIG=02007h-02007h -DCONFIG=2 -AIDLOC=02000h-02003h -DIDLOC=2 \
  -AEEDATA=00h-0FFh/02100h -peeprom_data=EEDATA -DEEDATA=2 -DCODE=2 \
  -DSTRCODE=2 -DSTRING=2 -DCONST=2 -DENTRY=2 \
  -preset_vec=00h,intentry=04h,sivt,init,end_init -ppowerup=CODE \
  -pcinit=CODE -pfunctab=ENTRY -k \
  C:\Users\PRABHAT\AppData\Local\Temp\xcAsmoc.\driver_tmp_12.o \
  dist/default/production\WASHING.X.production.o 

Object code version is 3.11

Machine type is 16F877A



                Name                               Link     Load   Length Selector   Space Scale
C:\Users\PRABHAT\AppData\Local\Temp\xcAsmoc.\driver_tmp_12.o
                end_init                              C        C        3        8       0
                reset_vec                             0        0        3        0       0
                config                             2007     2007        1        0       4
dist/default/production\WASHING.X.production.o
                cinit                                 F        F       2E        8       0
                intentry                              4        4        8        8       0
                config                             2007     2007        1        0       4
                text27                             1616     1616       35     2C2C       0
                text26                             1558     1558       20     2AB0       0
                text25                             164B     164B       47     2C96       0
                text24                             14F5     14F5        B     29EA       0
                text23                              801      801        6     1002       0
                text22                             1500     1500        D     2A00       0
                text21                             1542     1542       16     2A84       0
                text20                             15E7     15E7       2F     2BCE       0
                text19                             152D     152D       15     2A5A       0
                text18                              807      807       76     100E       0
                text17                             173F     173F       5C     2E7E       0
                text16                             179B     179B       65     2F36       0
                text15                             16E8     16E8       57     2DD0       0
                text14                              8F3      8F3       A4     11E6       0
                text13                             15BE     15BE       29     2B7C       0
                text12                              3E3      3E3      342        8       0
                text11                              DA8      DA8      258     1B50       0
                text10                             159A     159A       24     2B34       0
                text9                               87D      87D       76     10FA       0
                text8                               7DB      7DB       25        8       0
                text7                               725      725       B6        8       0
                text6                              150D     150D        D     2A1A       0
                text5                              1692     1692       56     2D24       0
                text4                                3D       3D      3A6        8       0
                text3                               B7F      B7F       FB     16FE       0
                text2                               997      997       F4     132E       0
                text1                               A8B      A8B       F4     1516       0
                maintext                            C7A      C7A      12E     18F4       0
                cstackBANK0                          20       20       40       20       1
                cstackCOMMON                         70       70        9       70       1
                cstackBANK1                          C2       C2        5       A0       1
                inittext                           151A     151A       13     2A34       0
                dataBANK1                            A0       A0       22       A0       1
                bssBANK1                             C7       C7        2       A0       1
                bssBANK0                             60       60        E       20       1
                dataCOMMON                           7B       7B        1       70       1
                bssCOMMON                            79       79        2       70       1
                stringtext                         1000     1000      197       20       0
                strings                            1197     1197       12     232E       0
                nvBANK1                              C9       C9        1       A0       1
                nvBANK0                              6E       6E        1       20       1
                idataBANK1                         1578     1578       22     2AF0       0
                idataCOMMON                           3        3        1        0       0

TOTAL           Name                               Link     Load   Length     Space
        CLASS   CODE           
                end_init                              C        C        3         0
                cinit                                 F        F       2E         0
                intentry                              4        4        8         0
                reset_vec                             0        0        3         0
                text27                             1616     1616       35         0
                text26                             1558     1558       20         0
                text25                             164B     164B       47         0
                text24                             14F5     14F5        B         0
                text23                              801      801        6         0
                text22                             1500     1500        D         0
                text21                             1542     1542       16         0
                text20                             15E7     15E7       2F         0
                text19                             152D     152D       15         0
                text18                              807      807       76         0
                text17                             173F     173F       5C         0
                text16                             179B     179B       65         0
                text15                             16E8     16E8       57         0
                text14                              8F3      8F3       A4         0
                text13                             15BE     15BE       29         0
                text12                              3E3      3E3      342         0
                text11                              DA8      DA8      258         0
                text10                             159A     159A       24         0
                text9                               87D      87D       76         0
                text8                               7DB      7DB       25         0
                text7                               725      725       B6         0
                text6                              150D     150D        D         0
                text5                              1692     1692       56         0
                text4                                3D       3D      3A6         0
                text3                               B7F      B7F       FB         0
                text2                               997      997       F4         0
                text1                               A8B      A8B       F4         0
                maintext                            C7A      C7A      12E         0
                inittext                           151A     151A       13         0
                idataBANK1                         1578     1578       22         0
                idataCOMMON                           3        3        1         0

        CLASS   STRCODE        
                stringtext                         1000     1000      197         0

        CLASS   STRING         
                strings                            1197     1197       12         0

        CLASS   CONST          

        CLASS   ENTRY          

        CLASS   COMMON         
                cstackCOMMON                         70       70        9         1
                dataCOMMON                           7B       7B        1         1
                bssCOMMON                            79       79        2         1

        CLASS   BANK0          
                cstackBANK0                          20       20       40         1
                bssBANK0                             60       60        E         1
                nvBANK0                              6E       6E        1         1

        CLASS   BANK1          
                cstackBANK1                          C2       C2        5         1
                dataBANK1                            A0       A0       22         1
                bssBANK1                             C7       C7        2         1
                nvBANK1                              C9       C9        1         1

        CLASS   BANK2          

        CLASS   BANK3          

        CLASS   RAM            

        CLASS   ABS1           
                abs_s1                               7E       7E        2         1

        CLASS   SFR0           

        CLASS   SFR1           

        CLASS   SFR2           

        CLASS   SFR3           

        CLASS   CONFIG         
                config                             2007     2007        1         4

        CLASS   IDLOC          

        CLASS   EEDATA         

        CLASS   HEAP           

        CLASS   STACK          



SEGMENTS        Name                           Load    Length   Top    Selector   Space  Class     Delta

                reset_vec                      000000  000004  000004         0       0  CODE        2
                intentry                       000004  0007FC  000800         8       0  CODE        2
                cstackBANK0                    000020  00004F  00006F        20       1  BANK0       1
                cstackCOMMON                   000070  00000C  00007C        70       1  COMMON      1
                dataBANK1                      0000A0  00002A  0000CA        A0       1  BANK1       1
                text23                         000801  000006  000807      1002       0  CODE        2
                text18                         000807  000076  00087D      100E       0  CODE        2
                text9                          00087D  000076  0008F3      10FA       0  CODE        2
                text14                         0008F3  0000A4  000997      11E6       0  CODE        2
                text2                          000997  0000F4  000A8B      132E       0  CODE        2
                text1                          000A8B  0000F4  000B7F      1516       0  CODE        2
                text3                          000B7F  0000FB  000C7A      16FE       0  CODE        2
                maintext                       000C7A  00012E  000DA8      18F4       0  CODE        2
                text11                         000DA8  000258  001000      1B50       0  CODE        2
                stringtext                     001000  000197  001197        20       0  STRCODE     2
                strings                        001197  000012  0011A9      232E       0  STRING      2
                text24                         0014F5  00000B  001500      29EA       0  CODE        2
                text22                         001500  00000D  00150D      2A00       0  CODE        2
                text6                          00150D  00000D  00151A      2A1A       0  CODE        2
                inittext                       00151A  000013  00152D      2A34       0  CODE        2
                text19                         00152D  000015  001542      2A5A       0  CODE        2
                text21                         001542  000016  001558      2A84       0  CODE        2
                text26                         001558  000020  001578      2AB0       0  CODE        2
                idataBANK1                     001578  000022  00159A      2AF0       0  CODE        2
                text10                         00159A  000024  0015BE      2B34       0  CODE        2
                text13                         0015BE  000029  0015E7      2B7C       0  CODE        2
                text20                         0015E7  00002F  001616      2BCE       0  CODE        2
                text27                         001616  000035  00164B      2C2C       0  CODE        2
                text25                         00164B  000047  001692      2C96       0  CODE        2
                text5                          001692  000056  0016E8      2D24       0  CODE        2
                text15                         0016E8  000057  00173F      2DD0       0  CODE        2
                text17                         00173F  00005C  00179B      2E7E       0  CODE        2
                text16                         00179B  000065  001800      2F36       0  CODE        2


UNUSED ADDRESS RANGES

        Name                Unused          Largest block    Delta
        BANK0            006F-006F              1           1
        BANK1            00CA-00EF             26           1
        BANK2            0110-016F             60           1
        BANK3            0190-01EF             60           1
        CODE             0800-0800              1           2
                         11A9-14F4            34C
                         1800-1FFF            800
        COMMON           007C-007D              2           1
        CONST            0800-0800              1           2
                         11A9-14F4            100
                         1800-1FFF            100
        EEDATA           2100-21FF            100           2
        ENTRY            0800-0800              1           2
                         11A9-14F4            100
                         1800-1FFF            100
        IDLOC            2000-2003              4           2
        RAM              006F-006F              1           1
                         00CA-00EF             26
                         0110-016F             60
                         0190-01EF             60
        SFR0             0000-001F             20           1
        SFR1             0080-009F             20           1
        SFR2             0100-010F             10           1
        SFR3             0180-018F             10           1
        STRCODE          0800-0800              1           2
                         11A9-14F4            34C
                         1800-1FFF            800
        STRING           0800-0800              1           2
                         11A9-14F4            100
                         1800-1FFF            100

                                  Symbol Table

?__Umul8_16                      cstackCOMMON 0072
?___awdiv                        cstackCOMMON 0072
?___awmod                        cstackCOMMON 0072
?___fladd                        cstackBANK0  0020
?___flmul                        cstackBANK0  002A
?___flsub                        cstackBANK0  0044
?___fltol                        cstackBANK0  0044
?___wmul                         cstackCOMMON 0072
?___xxtofl                       cstackCOMMON 0072
_GIE                             (abs)        005F
_PEIE                            (abs)        005E
_PORTB                           (abs)        0006
_PORTD                           (abs)        0008
_PR2                             (abs)        0092
_RB0                             (abs)        0030
_RC1                             (abs)        0039
_RC2                             (abs)        003A
_RE1                             (abs)        0049
_RE2                             (abs)        004A
_T2CKPS0                         (abs)        0090
_T2CKPS1                         (abs)        0091
_TMR2IE                          (abs)        0461
_TMR2IF                          (abs)        0061
_TMR2ON                          (abs)        0092
_TRISB                           (abs)        0086
_TRISC1                          (abs)        0439
_TRISC2                          (abs)        043A
_TRISD                           (abs)        0088
_TRISE1                          (abs)        0449
_TRISE2                          (abs)        044A
__H__absolute__                  __absolute__ 0000
__Habs1                          abs1         0000
__Hbank0                         bank0        0000
__Hbank1                         bank1        0000
__Hbank2                         bank2        0000
__Hbank3                         bank3        0000
__HbssBANK0                      bssBANK0     0000
__HbssBANK1                      bssBANK1     0000
__HbssCOMMON                     bssCOMMON    0000
__Hcinit                         cinit        003D
__Hclrtext                       clrtext      0000
__Hcode                          code         0000
__Hcommon                        common       0000
__Hconfig                        config       2008
__HcstackBANK0                   cstackBANK0  0000
__HcstackBANK1                   cstackBANK1  0000
__HcstackCOMMON                  cstackCOMMON 0000
__HdataBANK1                     dataBANK1    0000
__HdataCOMMON                    dataCOMMON   0000
__Heeprom_data                   eeprom_data  0000
__Hend_init                      end_init     000F
__Hfunctab                       functab      0000
__Hheap                          heap         0000
__HidataBANK1                    idataBANK1   0000
__HidataCOMMON                   idataCOMMON  0000
__Hinit                          init         000C
__Hinittext                      inittext     0000
__Hintentry                      intentry     000C
__Hmaintext                      maintext     0000
__HnvBANK0                       nvBANK0      0000
__HnvBANK1                       nvBANK1      0000
__Hpowerup                       powerup      0000
__Hram                           ram          0000
__Hreset_vec                     reset_vec    0003
__Hsfr0                          sfr0         0000
__Hsfr1                          sfr1         0000
__Hsfr2                          sfr2         0000
__Hsfr3                          sfr3         0000
__Hsivt                          sivt         000C
__Hspace_0                       (abs)        1800
__Hspace_1                       (abs)        00CA
__Hspace_2                       (abs)        0000
__Hspace_3                       (abs)        0000
__Hspace_4                       (abs)        400F
__Hstack                         stack        0000
__Hstrings                       strings      0000
__Hstringtext                    stringtext   0000
__Htext                          text         0000
__L__absolute__                  __absolute__ 0000
__Labs1                          abs1         0000
__Lbank0                         bank0        0000
__Lbank1                         bank1        0000
__Lbank2                         bank2        0000
__Lbank3                         bank3        0000
__LbssBANK0                      bssBANK0     0000
__LbssBANK1                      bssBANK1     0000
__LbssCOMMON                     bssCOMMON    0000
__Lcinit                         cinit        000F
__Lclrtext                       clrtext      0000
__Lcode                          code         0000
__Lcommon                        common       0000
__Lconfig                        config       0000
__LcstackBANK0                   cstackBANK0  0000
__LcstackBANK1                   cstackBANK1  0000
__LcstackCOMMON                  cstackCOMMON 0000
__LdataBANK1                     dataBANK1    0000
__LdataCOMMON                    dataCOMMON   0000
__Leeprom_data                   eeprom_data  0000
__Lend_init                      end_init     000C
__Lfunctab                       functab      0000
__Lheap                          heap         0000
__LidataBANK1                    idataBANK1   0000
__LidataCOMMON                   idataCOMMON  0000
__Linit                          init         000C
__Linittext                      inittext     0000
__Lintentry                      intentry     0004
__Lmaintext                      maintext     0000
__LnvBANK0                       nvBANK0      0000
__LnvBANK1                       nvBANK1      0000
__Lpowerup                       powerup      0000
__Lram                           ram          0000
__Lreset_vec                     reset_vec    0000
__Lsfr0                          sfr0         0000
__Lsfr1                          sfr1         0000
__Lsfr2                          sfr2         0000
__Lsfr3                          sfr3         0000
__Lsivt                          sivt         000C
__Lspace_0                       (abs)        0000
__Lspace_1                       (abs)        0000
__Lspace_2                       (abs)        0000
__Lspace_3                       (abs)        0000
__Lspace_4                       (abs)        0000
__Lstack                         stack        0000
__Lstrings                       strings      0000
__Lstringtext                    stringtext   0000
__Ltext                          text         0000
__S0                             (abs)        1800
__S1                             (abs)        00CA
__S3                             (abs)        0000
__Umul8_16                       text13       15BE
__Umul8_16@multiplicand          cstackCOMMON 0072
__Umul8_16@multiplier            cstackBANK0  0024
__Umul8_16@product               cstackBANK0  0020
__Umul8_16@word_mpld             cstackBANK0  0022
___awdiv                         text16       179B
___awdiv@counter                 cstackBANK0  0020
___awdiv@dividend                cstackCOMMON 0074
___awdiv@divisor                 cstackCOMMON 0072
___awdiv@quotient                cstackBANK0  0022
___awdiv@sign                    cstackBANK0  0021
___awmod                         text15       16E8
___awmod@counter                 cstackCOMMON 0076
___awmod@dividend                cstackCOMMON 0074
___awmod@divisor                 cstackCOMMON 0072
___awmod@sign                    cstackCOMMON 0077
___fladd                         text11       0DA8
___fladd@a                       cstackBANK0  0024
___fladd@aexp                    cstackCOMMON 0073
___fladd@b                       cstackBANK0  0020
___fladd@bexp                    cstackCOMMON 0074
___fladd@grs                     cstackCOMMON 0075
___fladd@signs                   cstackCOMMON 0072
___flge                          text14       08F3
___flge@ff1                      cstackBANK0  004C
___flge@ff2                      cstackBANK0  0050
___flmul                         text12       03E3
___flmul@a                       cstackBANK0  002E
___flmul@aexp                    cstackBANK0  0038
___flmul@b                       cstackBANK0  002A
___flmul@bexp                    cstackBANK0  003D
___flmul@grs                     cstackBANK0  0039
___flmul@prod                    cstackBANK0  003E
___flmul@sign                    cstackBANK0  0037
___flmul@temp                    cstackBANK0  0042
___flsub                         text10       159A
___flsub@a                       cstackBANK0  0044
___flsub@b                       cstackBANK0  0048
___fltol                         text9        087D
___fltol@exp1                    cstackCOMMON 0077
___fltol@f1                      cstackBANK0  0044
___fltol@sign1                   cstackCOMMON 0076
___heap_hi                       (abs)        0000
___heap_lo                       (abs)        0000
___int_sp                        stack        0000
___int_stack_hi                  stack        0000
___int_stack_lo                  stack        0000
___latbits                       (abs)        0002
___sp                            stack        0000
___stack_hi                      stack        0000
___stack_lo                      stack        0000
___stackhi                       (abs)        0000
___stacklo                       (abs)        0000
___wmul                          text8        07DB
___wmul@multiplicand             cstackCOMMON 0074
___wmul@multiplier               cstackCOMMON 0072
___wmul@product                  cstackCOMMON 0076
___xxtofl                        text7        0725
___xxtofl@arg                    cstackBANK0  0026
___xxtofl@exp                    cstackBANK0  0025
___xxtofl@sign                   cstackBANK0  0024
___xxtofl@val                    cstackCOMMON 0072
__end_of__Umul8_16               text13       15E7
__end_of___awdiv                 text16       1800
__end_of___awmod                 text15       173F
__end_of___fladd                 text11       1000
__end_of___flge                  text14       0997
__end_of___flmul                 text12       0725
__end_of___flsub                 text10       15BE
__end_of___fltol                 text9        08F3
__end_of___wmul                  text8        0800
__end_of___xxtofl                text7        07DB
__end_of__initialization         cinit        0039
__end_of__stringtab              strings      11A9
__end_of_clcd_print              text20       1616
__end_of_clcd_putch              text19       1542
__end_of_clcd_write              text26       1578
__end_of_clear_screen            text6        151A
__end_of_door_status_check       text5        16E8
__end_of_init_clcd               text24       1500
__end_of_init_config             text21       1558
__end_of_init_digital_keypad     text23       0807
__end_of_init_display_controller text25       1692
__end_of_init_timer2             text22       150D
__end_of_isr                     text27       164B
__end_of_main                    maintext     0DA8
__end_of_power_on_screen         text18       087D
__end_of_read_digital_keypad     text17       179B
__end_of_run_program             text4        03E3
__end_of_set_time_for_program    text3        0C7A
__end_of_washing_program_display text2        0A8B
__end_of_water_level_display     text1        0B7F
__initialization                 cinit        000F
__pbssBANK0                      bssBANK0     0060
__pbssBANK1                      bssBANK1     00C7
__pbssCOMMON                     bssCOMMON    0079
__pcstackBANK0                   cstackBANK0  0020
__pcstackBANK1                   cstackBANK1  00C2
__pcstackCOMMON                  cstackCOMMON 0070
__pdataBANK1                     dataBANK1    00A0
__pdataCOMMON                    dataCOMMON   007B
__pidataBANK1                    idataBANK1   1578
__pidataCOMMON                   idataCOMMON  0003
__pintentry                      intentry     0004
__pmaintext                      maintext     0C7A
__pnvBANK0                       nvBANK0      006E
__pnvBANK1                       nvBANK1      00C9
__pstrings                       strings      1197
__pstringtext                    stringtext   1000
__ptext1                         text1        0A8B
__ptext10                        text10       159A
__ptext11                        text11       0DA8
__ptext12                        text12       03E3
__ptext13                        text13       15BE
__ptext14                        text14       08F3
__ptext15                        text15       16E8
__ptext16                        text16       179B
__ptext17                        text17       173F
__ptext18                        text18       0807
__ptext19                        text19       152D
__ptext2                         text2        0997
__ptext20                        text20       15E7
__ptext21                        text21       1542
__ptext22                        text22       1500
__ptext23                        text23       0801
__ptext24                        text24       14F5
__ptext25                        text25       164B
__ptext26                        text26       1558
__ptext27                        text27       1616
__ptext3                         text3        0B7F
__ptext4                         text4        003D
__ptext5                         text5        1692
__ptext6                         text6        150D
__ptext7                         text7        0725
__ptext8                         text8        07DB
__ptext9                         text9        087D
__stringbase                     strings      11A9
__stringtab                      strings      1197
_clcd_print                      text20       15E7
_clcd_putch                      text19       152D
_clcd_write                      text26       1558
_clear_screen                    text6        150D
_door_status_check               text5        1692
_init_clcd                       text24       14F5
_init_config                     text21       1542
_init_digital_keypad             text23       0801
_init_display_controller         text25       164B
_init_timer2                     text22       1500
_isr                             text27       1616
_main                            maintext     0C7A
_min                             bssBANK0     006A
_operation_mode                  nvBANK0      006E
_power_on_screen                 text18       0807
_program_no                      bssCOMMON    007A
_read_digital_keypad             text17       173F
_reset_mode                      nvBANK1      00C9
_rinse_time                      bssBANK0     0064
_run_program                     text4        003D
_sec                             bssBANK0     006B
_set_time_for_program            text3        0B7F
_spin_time                       bssBANK1     00C7
_wash_time                       bssBANK0     0066
_washing_prog                    dataBANK1    00A0
_washing_program_display         text2        0997
_water_level_arr                 dataBANK1    00B8
_water_level_display             text1        0A8B
_water_level_index               bssCOMMON    0079
btemp                            (abs)        007E
clcd_print@addr                  cstackCOMMON 0078
clcd_print@str                   cstackCOMMON 0076
clcd_putch@addr                  cstackCOMMON 0078
clcd_putch@data                  cstackBANK0  0024
clcd_write@byte                  cstackCOMMON 0075
clcd_write@mode                  cstackCOMMON 0072
end_of_initialization            cinit        0039
init_fetch0                      inittext     151A
init_ram0                        inittext     151E
interrupt_function               intentry     0004
intlevel0                        functab      0000
intlevel1                        functab      0000
intlevel2                        functab      0000
intlevel3                        functab      0000
intlevel4                        functab      0000
intlevel5                        functab      0000
isr@count                        bssBANK0     0068
main@j                           cstackBANK1  00C2
main@j_156                       cstackBANK1  00C4
main@key                         cstackBANK1  00C6
power_on_screen@i                cstackBANK0  0028
power_on_screen@i_166            cstackBANK0  0029
read_digital_keypad@longpress    bssBANK0     006C
read_digital_keypad@mode         cstackCOMMON 0073
read_digital_keypad@once         dataCOMMON   007B
read_digital_keypad@pre_key      bssBANK0     006D
reset_vec                        reset_vec    0000
run_program@key                  cstackBANK0  005F
run_program@time                 bssBANK0     0060
run_program@total_time           bssBANK0     0062
saved_w                          (abs)        007E
start                            init         000C
start_initialization             cinit        000F
washing_program_display@key      cstackBANK0  0027
water_level_display@key          cstackBANK0  0027
wtemp0                           (abs)        007E


MODULE INFORMATION

Module		Function		Class		Link	Load	Size
C:\Program Files\Microchip\xc8\v3.00\pic\sources\c99\common\flge.c
		___flge        		CODE           	08F3	0000	164

C:\Program Files\Microchip\xc8\v3.00\pic\sources\c99\common\flge.c estimated size: 164

../../Downloads/Washing-machine-simulation-main/Washing-machine-simulation-main/Washing Machine Simulator/digital_keypad.c
		_init_digital_keypad		CODE           	0801	0000	6
		_read_digital_keypad		CODE           	173F	0000	92

../../Downloads/Washing-machine-simulation-main/Washing-machine-simulation-main/Washing Machine Simulator/digital_keypad.c estimated size: 98

../../Downloads/Washing-machine-simulation-main/Washing-machine-simulation-main/Washing Machine Simulator/isr.c
		_isr           		CODE           	1616	0000	53

../../Downloads/Washing-machine-simulation-main/Washing-machine-simulation-main/Washing Machine Simulator/isr.c estimated size: 53

../../Downloads/Washing-machine-simulation-main/Washing-machine-simulation-main/Washing Machine Simulator/main.c
		_door_status_check		CODE           	1692	0000	86
		_washing_program_display		CODE           	0997	0000	244
		_main          		CODE           	0C7A	0000	302
		_water_level_display		CODE           	0A8B	0000	244
		_run_program   		CODE           	003D	0000	934
		_clear_screen  		CODE           	150D	0000	13
		_power_on_screen		CODE           	0807	0000	118
		_init_config   		CODE           	1542	0000	22
		_set_time_for_program		CODE           	0B7F	0000	251

../../Downloads/Washing-machine-simulation-main/Washing-machine-simulation-main/Washing Machine Simulator/main.c estimated size: 2214

C:\Program Files\Microchip\xc8\v3.00\pic\sources\c99\common\Umul16.c
		___wmul        		CODE           	07DB	0000	37

C:\Program Files\Microchip\xc8\v3.00\pic\sources\c99\common\Umul16.c estimated size: 37

C:\Program Files\Microchip\xc8\v3.00\pic\sources\c99\common\awmod.c
		___awmod       		CODE           	16E8	0000	87

C:\Program Files\Microchip\xc8\v3.00\pic\sources\c99\common\awmod.c estimated size: 87

C:\Program Files\Microchip\xc8\v3.00\pic\sources\c99\common\sprcmul.c
		___flmul       		CODE           	03E3	0000	834

C:\Program Files\Microchip\xc8\v3.00\pic\sources\c99\common\sprcmul.c estimated size: 834

../../Downloads/Washing-machine-simulation-main/Washing-machine-simulation-main/Washing Machine Simulator/timers.c
		_init_timer2   		CODE           	1500	0000	13

../../Downloads/Washing-machine-simulation-main/Washing-machine-simulation-main/Washing Machine Simulator/timers.c estimated size: 13

shared
		__stringtab    		STRING         	1197	0000	18
		__initialization		CODE           	000F	0000	42

shared estimated size: 60

C:\Program Files\Microchip\xc8\v3.00\pic\sources\c99\common\xxtofl.c
		___xxtofl      		CODE           	0725	0000	182

C:\Program Files\Microchip\xc8\v3.00\pic\sources\c99\common\xxtofl.c estimated size: 182

../../Downloads/Washing-machine-simulation-main/Washing-machine-simulation-main/Washing Machine Simulator/clcd.c
		_clcd_write    		CODE           	1558	0000	32
		_clcd_print    		CODE           	15E7	0000	47
		_clcd_putch    		CODE           	152D	0000	21
		_init_display_controller		CODE           	164B	0000	71
		_init_clcd     		CODE           	14F5	0000	11

../../Downloads/Washing-machine-simulation-main/Washing-machine-simulation-main/Washing Machine Simulator/clcd.c estimated size: 182

C:\Program Files\Microchip\xc8\v3.00\pic\sources\c99\common\awdiv.c
		___awdiv       		CODE           	179B	0000	101

C:\Program Files\Microchip\xc8\v3.00\pic\sources\c99\common\awdiv.c estimated size: 101

C:\Program Files\Microchip\xc8\v3.00\pic\sources\c99\common\fltol.c
		___fltol       		CODE           	087D	0000	118

C:\Program Files\Microchip\xc8\v3.00\pic\sources\c99\common\fltol.c estimated size: 118

C:\Program Files\Microchip\xc8\v3.00\pic\sources\c99\common\sprcadd.c
		___flsub       		CODE           	159A	0000	36
		___fladd       		CODE           	0DA8	0000	600

C:\Program Files\Microchip\xc8\v3.00\pic\sources\c99\common\sprcadd.c estimated size: 636

C:\Program Files\Microchip\xc8\v3.00\pic\sources\c99\common\Umul8_16.c
		__Umul8_16     		CODE           	15BE	0000	41

C:\Program Files\Microchip\xc8\v3.00\pic\sources\c99\common\Umul8_16.c estimated size: 41

